Отчёт по выполнению практической работы

Вызов названия текущей папаки
лара@LAPTOP-C9HFV6C4 MINGW64 ~
$ pwd
/c/Users/лара

Создание новой папки Homerwork7
лара@LAPTOP-C9HFV6C4 MINGW64 ~
$ mkdir "Homework7"

Переход в папку Homerwork7
лара@LAPTOP-C9HFV6C4 MINGW64 ~
$ cd Homework7

Создание локального репозитория в папке Homerwork7
лара@LAPTOP-C9HFV6C4 MINGW64 ~/Homework7
$ git init
Initialized empty Git repository in C:/Users/лара/Homework7/.git/

Создание файла Otchot7
лара@LAPTOP-C9HFV6C4 MINGW64 ~/Homework7 (master)
$ echo "Отчёт по выполнению практической работы" >Otchot7.txt

Открытие файла в Visual Studio Code
лара@LAPTOP-C9HFV6C4 MINGW64 ~/Homework7 (master)
$ code .

Посмотр состояния рабочей директории и staging area
лара@LAPTOP-C9HFV6C4 MINGW64 ~/Homework7 (master)
$ git status
On branch master
No commits yet
Untracked files:
  (use "git add <file>..." to include in what will be committed)
        Otchot7.txt
nothing added to commit but untracked files present (use "git add" to track)

Перенос файла из рабочей директории в staging area
лара@LAPTOP-C9HFV6C4 MINGW64 ~/Homework7 (master)
$ git add .
warning: in the working copy of 'Otchot7.txt', LF will be replaced by CRLF the next time Git touches it

создание commit1
лара@LAPTOP-C9HFV6C4 MINGW64 ~/Homework7 (master)
$ git commit -m "commit1"
[master (root-commit) faf06c3] commit1
 1 file changed, 28 insertions(+)
 create mode 100644 Otchot7.txt

Просмотр commits
лара@LAPTOP-C9HFV6C4 MINGW64 ~/Homework7 (master)
$ git log
commit faf06c31798118b69c6be87c24204baef11d73d5 (HEAD -> master)
Author: larisa kichigina <2kichigina.lara4@gmail.com>
Date:   Sun Nov 27 18:45:00 2022 +0300
    commit1

Перенос файла из рабочей директории в staging area
лара@LAPTOP-C9HFV6C4 MINGW64 ~/Homework7 (master)
$ git add .
warning: in the working copy of 'Otchot7.txt', LF will be replaced by CRLF the next time Git touches it

создание commit2
лара@LAPTOP-C9HFV6C4 MINGW64 ~/Homework7 (master)
$ git commit -m "Commit2 Отчёт версия 2 создание Commit1"
[master c25d338] Commit2 Отчёт версия 2 создание Commit1
 1 file changed, 29 insertions(+)

Просмотр commits
лара@LAPTOP-C9HFV6C4 MINGW64 ~/Homework7 (master)
$ git log
commit c25d33810f043489fe2c9695b884e3dd8ad0ec05 (HEAD -> master)
Author: larisa kichigina <2kichigina.lara4@gmail.com>
Date:   Sun Nov 27 18:51:05 2022 +0300
    Commit2 Отчёт версия 2 создание Commit1

commit faf06c31798118b69c6be87c24204baef11d73d5
Author: larisa kichigina <2kichigina.lara4@gmail.com>
Date:   Sun Nov 27 18:45:00 2022 +0300
    commit1

Создание и переход на ветку second
лара@LAPTOP-C9HFV6C4 MINGW64 ~/Homework7 (master)
$ git checkout -b "second"
Switched to a new branch 'second'

Перенос файла из рабочей директории в staging area
лара@LAPTOP-C9HFV6C4 MINGW64 ~/Homework7 (second)
$ git add .
warning: in the working copy of 'Otchot7.txt', LF will be replaced by CRLF the next time Git touches it

создание commit3
лара@LAPTOP-C9HFV6C4 MINGW64 ~/Homework7 (second)
$ git commit -m "Commit3 Отчёт версия 3 создание Commit2"
[second 0ab8494] Commit3 Отчёт версия 3 создание Commit2
 1 file changed, 29 insertions(+)

Просмотр commits
лара@LAPTOP-C9HFV6C4 MINGW64 ~/Homework7 (second)
$ git log
commit 0ab8494e01699aaff04333313d72ae20e57aa346 (HEAD -> second)
Author: larisa kichigina <2kichigina.lara4@gmail.com>
Date:   Sun Nov 27 18:58:05 2022 +0300
    Commit3 Отчёт версия 3 создание Commit2

commit c25d33810f043489fe2c9695b884e3dd8ad0ec05 (master)
Author: larisa kichigina <2kichigina.lara4@gmail.com>
Date:   Sun Nov 27 18:51:05 2022 +0300
    Commit2 Отчёт версия 2 создание Commit1

commit faf06c31798118b69c6be87c24204baef11d73d5
Author: larisa kichigina <2kichigina.lara4@gmail.com>
Date:   Sun Nov 27 18:45:00 2022 +0300
    commit1
